---
http_interactions:
- request:
    method: get
    uri: https://api.twitter.com/1.1/account/verify_credentials.json?skip_status=true
    body:
      encoding: US-ASCII
      string: ''
    headers:
      Accept:
      - application/json
      User-Agent:
      - TwitterRubyGem/6.1.0
      Authorization:
      - OAuth oauth_consumer_key="<OAUTH_CONSUMER_KEY>", oauth_nonce="62144ed2da2bc624acd4c21212ac8ef7",
        oauth_signature="4kLuac4ZpaTib63viYE3DzuX1sI%3D", oauth_signature_method="HMAC-SHA1",
        oauth_timestamp="1497197130", oauth_token="<OAUTH_TOKEN>", oauth_version="1.0"
      Accept-Encoding:
      - gzip;q=1.0,deflate;q=0.6,identity;q=0.3
  response:
    status:
      code: 200
      message: OK
    headers:
      Cache-Control:
      - no-cache, no-store, must-revalidate, pre-check=0, post-check=0
      Content-Disposition:
      - attachment; filename=json.json
      Content-Type:
      - application/json;charset=utf-8
      Date:
      - Sun, 11 Jun 2017 16:05:30 GMT
      Expires:
      - Tue, 31 Mar 1981 05:00:00 GMT
      Last-Modified:
      - Sun, 11 Jun 2017 16:05:30 GMT
      Pragma:
      - no-cache
      Server:
      - tsa_m
      Set-Cookie:
      - guest_id=v1%3A149719713036132228; Domain=.twitter.com; Path=/; Expires=Tue,
        11-Jun-2019 16:05:30 UTC
      - lang=ja; Path=/
      Status:
      - 200 OK
      Strict-Transport-Security:
      - max-age=631138519
      Transfer-Encoding:
      - chunked
      X-Access-Level:
      - read-write
      X-Connection-Hash:
      - d99c2a8c8713b737da51c59efb5e072c
      X-Content-Type-Options:
      - nosniff
      X-Frame-Options:
      - SAMEORIGIN
      X-Rate-Limit-Limit:
      - '75'
      X-Rate-Limit-Remaining:
      - '52'
      X-Rate-Limit-Reset:
      - '1497197403'
      X-Response-Time:
      - '115'
      X-Transaction:
      - 0063f5a400cf53aa
      X-Twitter-Response-Tags:
      - BouncerCompliant
      - BouncerExempt
      X-Xss-Protection:
      - 1; mode=block
    body:
      encoding: ASCII-8BIT
      string: '{"id":825641644863033345,"id_str":"825641644863033345","name":"\u30b7\u30e5\u30fc\u30eb(\u958b\u767a\u7528)","screen_name":"shule517_dev","location":"\u306a\u3054\u3084","description":"@shule517\u306e\u958b\u767a\u7528\u30a2\u30ab\u30a6\u30f3\u30c8\u3067\u3059\uff01","url":"https:\/\/t.co\/75FLedYlUR","entities":{"url":{"urls":[{"url":"https:\/\/t.co\/75FLedYlUR","expanded_url":"http:\/\/nagoya-benkyokai.com","display_url":"nagoya-benkyokai.com","indices":[0,23]}]},"description":{"urls":[]}},"protected":true,"followers_count":1,"friends_count":0,"listed_count":0,"created_at":"Sun
        Jan 29 09:48:02 +0000 2017","favourites_count":15,"utc_offset":null,"time_zone":null,"geo_enabled":false,"verified":false,"statuses_count":1343,"lang":"ja","contributors_enabled":false,"is_translator":false,"is_translation_enabled":false,"profile_background_color":"F5F8FA","profile_background_image_url":null,"profile_background_image_url_https":null,"profile_background_tile":false,"profile_image_url":"http:\/\/pbs.twimg.com\/profile_images\/825642834816487425\/8Hl3jym8_normal.jpg","profile_image_url_https":"https:\/\/pbs.twimg.com\/profile_images\/825642834816487425\/8Hl3jym8_normal.jpg","profile_link_color":"1DA1F2","profile_sidebar_border_color":"C0DEED","profile_sidebar_fill_color":"DDEEF6","profile_text_color":"333333","profile_use_background_image":true,"has_extended_profile":false,"default_profile":true,"default_profile_image":false,"following":false,"follow_request_sent":false,"notifications":false,"translator_type":"none"}'
    http_version: 
  recorded_at: Sun, 11 Jun 2017 16:05:30 GMT
- request:
    method: get
    uri: https://api.twitter.com/1.1/lists/show.json?list_id=1234567890&owner_id=825641644863033345
    body:
      encoding: US-ASCII
      string: ''
    headers:
      Accept:
      - application/json
      User-Agent:
      - TwitterRubyGem/6.1.0
      Authorization:
      - OAuth oauth_consumer_key="<OAUTH_CONSUMER_KEY>", oauth_nonce="43afa45f97faeb5b403502e74c103c9c",
        oauth_signature="QyMQu7mBYOT4PiD8CmrZMLLSl10%3D", oauth_signature_method="HMAC-SHA1",
        oauth_timestamp="1497197130", oauth_token="<OAUTH_TOKEN>", oauth_version="1.0"
      Accept-Encoding:
      - gzip;q=1.0,deflate;q=0.6,identity;q=0.3
  response:
    status:
      code: 404
      message: Not Found
    headers:
      Cache-Control:
      - no-cache, no-store, must-revalidate, pre-check=0, post-check=0
      Content-Disposition:
      - attachment; filename=json.json
      Content-Type:
      - application/json;charset=utf-8
      Date:
      - Sun, 11 Jun 2017 16:05:30 GMT
      Expires:
      - Tue, 31 Mar 1981 05:00:00 GMT
      Last-Modified:
      - Sun, 11 Jun 2017 16:05:30 GMT
      Pragma:
      - no-cache
      Server:
      - tsa_m
      Set-Cookie:
      - guest_id=v1%3A149719713057051812; Domain=.twitter.com; Path=/; Expires=Tue,
        11-Jun-2019 16:05:30 UTC
      - lang=ja; Path=/
      Status:
      - 404 Not Found
      Strict-Transport-Security:
      - max-age=631138519
      Transfer-Encoding:
      - chunked
      X-Access-Level:
      - read-write
      X-Connection-Hash:
      - c48be8543fe971cb805adc90f8e705a9
      X-Content-Type-Options:
      - nosniff
      X-Frame-Options:
      - SAMEORIGIN
      X-Rate-Limit-Limit:
      - '75'
      X-Rate-Limit-Remaining:
      - '62'
      X-Rate-Limit-Reset:
      - '1497197403'
      X-Response-Time:
      - '113'
      X-Transaction:
      - 00a3c876008a4b0f
      X-Twitter-Response-Tags:
      - BouncerCompliant
      X-Xss-Protection:
      - 1; mode=block
    body:
      encoding: ASCII-8BIT
      string: '{"errors":[{"code":34,"message":"Sorry, that page does not exist."}]}'
    http_version: 
  recorded_at: Sun, 11 Jun 2017 16:05:30 GMT
- request:
    method: post
    uri: https://slack.com/api/chat.postMessage
    body:
      encoding: UTF-8
      string: channel=%23dev-error&text=TwitterCient.list%28list_id%3A+1234567890%29%0ATwitter%3A%3AError%3A%3ANotFound%0ASorry%2C+that+page+does+not+exist.%0A%2FUsers%2Fshule%2FDocuments%2Fnagoya-benkyokai%2Fapp%2Fservices%2Ftwitter_client.rb%3A172%3Ain+%60list%27%0A%2FUsers%2Fshule%2FDocuments%2Fnagoya-benkyokai%2Fapp%2Fservices%2Ftwitter_client.rb%3A25%3Ain+%60list_exists%3F%27%0A%2FUsers%2Fshule%2FDocuments%2Fnagoya-benkyokai%2Fspec%2Fservices%2Ftwitter_client_spec.rb%3A87%3Ain+%60block+%284+levels%29+in+%3Ctop+%28required%29%3E%27%0A%2FUsers%2Fshule%2FDocuments%2Fnagoya-benkyokai%2Fspec%2Fspec_helper.rb%3A27%3Ain+%60block+%283+levels%29+in+%3Ctop+%28required%29%3E%27%0A%2FUsers%2Fshule%2FDocuments%2Fnagoya-benkyokai%2Fspec%2Fspec_helper.rb%3A26%3Ain+%60block+%282+levels%29+in+%3Ctop+%28required%29%3E%27&token=xoxp-49827793543-51205615330-136715415287-4212f7726c2149283e5adbeb6f40ead8&username=lambda
    headers:
      Accept:
      - application/json; charset=utf-8
      User-Agent:
      - Slack Ruby Gem 1.5.0
      Content-Type:
      - application/x-www-form-urlencoded
      Accept-Encoding:
      - gzip;q=1.0,deflate;q=0.6,identity;q=0.3
  response:
    status:
      code: 200
      message: OK
    headers:
      Content-Type:
      - application/json; charset=utf-8
      Content-Length:
      - '373'
      Connection:
      - keep-alive
      Access-Control-Allow-Origin:
      - "*"
      Cache-Control:
      - private, no-cache, no-store, must-revalidate
      Date:
      - Sun, 11 Jun 2017 16:05:30 GMT
      Expires:
      - Mon, 26 Jul 1997 05:00:00 GMT
      Pragma:
      - no-cache
      Referrer-Policy:
      - no-referrer
      Server:
      - Apache
      Strict-Transport-Security:
      - max-age=31536000; includeSubDomains; preload
      Vary:
      - Accept-Encoding
      X-Accepted-Oauth-Scopes:
      - chat:write:bot,post
      X-Content-Type-Options:
      - nosniff
      X-Oauth-Scopes:
      - identify,read,post,client,apps
      X-Slack-Backend:
      - h
      X-Slack-Req-Id:
      - 6d1eca57-188f-4276-9fe2-48a30a13ca8a
      X-Xss-Protection:
      - '0'
      X-Cache:
      - Miss from cloudfront
      Via:
      - 1.1 d96abb977851dd2d1f77b0346f358995.cloudfront.net (CloudFront)
      X-Amz-Cf-Id:
      - N5Qv20nFsP0K14NsM4GnbALyd1Ic0hJJGNeyBfshNLZpvlGLN7UoOw==
    body:
      encoding: ASCII-8BIT
      string: '{"ok":true,"channel":"C5GT3B79B","ts":"1497197130.171083","message":{"text":"TwitterCient.list(list_id:
        1234567890)\nTwitter::Error::NotFound\nSorry, that page does not exist.\n\/Users\/shule\/Documents\/nagoya-benkyokai\/app\/services\/twitter_client.rb:172:in
        `list''\n\/Users\/shule\/Documents\/nagoya-benkyokai\/app\/services\/twitter_client.rb:25:in
        `list_exists?''\n\/Users\/shule\/Documents\/nagoya-benkyokai\/spec\/services\/twitter_client_spec.rb:87:in
        `block (4 levels) in &lt;top (required)&gt;''\n\/Users\/shule\/Documents\/nagoya-benkyokai\/spec\/spec_helper.rb:27:in
        `block (3 levels) in &lt;top (required)&gt;''\n\/Users\/shule\/Documents\/nagoya-benkyokai\/spec\/spec_helper.rb:26:in
        `block (2 levels) in &lt;top (required)&gt;''","username":"lambda","bot_id":"B3Z9C1G0G","type":"message","subtype":"bot_message","ts":"1497197130.171083"}}'
    http_version: 
  recorded_at: Sun, 11 Jun 2017 16:05:30 GMT
recorded_with: VCR 3.0.3
